nannos2013@kali:~$ ls -l foobar
ls: cannot access 'foobar': No such file or directory
nannos2013@kali:~$ touch foobar
nannos2013@kali:~$ ls -l foobar
-rw-r--r-- 1 nannos2013 nannos2013 0 Oct  7 06:44 foobar 



nannos2013@kali:~$ ls foobar barfoo
ls: cannot access 'barfoo': No such file or directory
foobar
nannos2013@kali:~$ ls foobar barfoo > stdout.txt
ls: cannot access 'barfoo': No such file or directory
nannos2013@kali:~$ ls foobar barfoo 2> stderr.txt
foobar
nannos2013@kali:~$ ls foobar barfoo &> stdoutandstderr.txt
nannos2013@kali:~$ cat stdout.txt
foobar
nannos2013@kali:~$ cat stderr.txt
ls: cannot access 'barfoo': No such file or directory
nannos2013@kali:~$ cat stdoutandstderr.txt
ls: cannot access 'barfoo': No such file or directory
foobar
